Microchip MPLAB XC8 Compiler V2.45

Linker command line:

-W-3 \
  --edf=C:/Users/aswin/.mchp_packs/Microchip/PIC16Fxxx_DFP/1.6.156/xc8\pic\dat\20231012211500_en.msgs \
  -cn -h+dist/default/production\MOTOROPEN.X.production.sym \
  --cmf=dist/default/production\MOTOROPEN.X.production.cmf -z -Q16F676 \
  -oC:\Users\aswin\AppData\Local\Temp\xcAsbb4.\driver_tmp_3.o \
  --defsym=__MPLAB_BUILD=1 --fixupoverflow=error \
  -Mdist/default/production/MOTOROPEN.X.production.map \
  --md=C:\Users\aswin\AppData\Local\Temp\xcAsbb4.\driver_tmp_0.dat -E1 \
  -ver=XC8 Compiler --acfsm=1493 -ACODE=00h-03FEh -ASTRCODE=00h-03FEh \
  -ASTRING=00h-0FFhx3,0300h-03FEh -ACONST=00h-0FFhx3,0300h-03FEh \
  -AENTRY=00h-0FFhx3,0300h-03FEh -ABANK0=020h-05Dh -ARAM=020h-05Dh \
  -AABS1=020h-05Fh -ACOMMON=05Eh-05Fh -ASFR0=00h-01Fh -ASFR1=080h-0DDh \
  -ACONFIG=02007h-02007h -DCONFIG=2 -AIDLOC=02000h-02003h -DIDLOC=2 \
  -AEEDATA=00h-07Fh/02100h -peeprom_data=EEDATA -DEEDATA=2 -DCODE=2 \
  -DSTRCODE=2 -DSTRING=2 -DCONST=2 -DENTRY=2 \
  -preset_vec=00h,intentry,init,end_init -ppowerup=CODE -pcinit=CODE \
  -pfunctab=ENTRY -posccal=03FFh -k \
  C:\Users\aswin\AppData\Local\Temp\xcAsbb4.\driver_tmp_12.o \
  dist/default/production\MOTOROPEN.X.production.o 

Object code version is 3.11

Machine type is 16F676



                Name                               Link     Load   Length Selector   Space Scale
C:\Users\aswin\AppData\Local\Temp\xcAsbb4.\driver_tmp_12.o
                end_init                              0        0        1        0       0
                config                             2007     2007        1        0       4
dist/default/production\MOTOROPEN.X.production.o
                cinit                               3FD      3FD        2      7FA       0
                config                             2007     2007        1        0       4
                text2                               3BC      3BC        A      778       0
                text1                               3C6      3C6       12      78C       0
                maintext                            3D8      3D8       25      7B0       0
                cstackBANK0                          20       20        7       20       1

TOTAL           Name                               Link     Load   Length     Space
        CLASS   CODE           
                end_init                              0        0        1         0
                cinit                               3FD      3FD        2         0
                text2                               3BC      3BC        A         0
                text1                               3C6      3C6       12         0
                maintext                            3D8      3D8       25         0

        CLASS   STRCODE        

        CLASS   STRING         

        CLASS   CONST          

        CLASS   ENTRY          

        CLASS   BANK0          
                cstackBANK0                          20       20        7         1

        CLASS   RAM            

        CLASS   ABS1           
                abs_s1                               5E       5E        2         1

        CLASS   COMMON         

        CLASS   SFR0           

        CLASS   SFR1           

        CLASS   CONFIG         
                config                             2007     2007        1         4

        CLASS   IDLOC          

        CLASS   EEDATA         

        CLASS   BANK1          

        CLASS   HEAP           

        CLASS   STACK          



SEGMENTS        Name                           Load    Length   Top    Selector   Space  Class     Delta

                reset_vec                      000000  000001  000001         0       0  CODE        2
                cstackBANK0                    000020  000007  000027        20       1  BANK0       1
                text2                          0003BC  00000A  0003C6       778       0  CODE        2
                text1                          0003C6  000012  0003D8       78C       0  CODE        2
                maintext                       0003D8  000025  0003FD       7B0       0  CODE        2
                cinit                          0003FD  000002  0003FF       7FA       0  CODE        2


UNUSED ADDRESS RANGES

        Name                Unused          Largest block    Delta
        BANK0            0027-005D             37           1
        CODE             0001-03BB            3BB           2
        CONST            0001-03BB            100           2
        EEDATA           2100-217F             80           2
        ENTRY            0001-03BB            100           2
        IDLOC            2000-2003              4           2
        RAM              0027-005D             37           1
        SFR0             0000-001F             20           1
        SFR1             0080-00DD             5E           1
        STRCODE          0001-03BB            3BB           2
        STRING           0001-03BB            100           2

                                  Symbol Table

?_read_ADC               cstackBANK0  0020
_ADCON0                  (abs)        001F
_ADCON0bits              (abs)        001F
_ADCON1                  (abs)        009F
_ADRESH                  (abs)        001E
_ADRESL                  (abs)        009E
_ANSEL                   (abs)        0091
_PORTA                   (abs)        0005
_PORTAbits               (abs)        0005
_PORTC                   (abs)        0007
_TRISA                   (abs)        0085
_TRISC                   (abs)        0087
__H__absolute__          __absolute__ 0000
__Habs1                  abs1         07FE
__Hbank0                 bank0        07FE
__Hbank1                 bank1        07FE
__Hcinit                 cinit        03FF
__Hclrtext               clrtext      07FE
__Hcode                  code         07FE
__Hcommon                common       07FE
__Hconfig                config       2008
__HcstackBANK0           cstackBANK0  07FE
__HcstackCOMMON          cstackCOMMON 07FE
__Heeprom_data           eeprom_data  0000
__Hend_init              end_init     0001
__Hfunctab               functab      0000
__Hheap                  heap         07FE
__Hinit                  init         0000
__Hintentry              intentry     0000
__Hmaintext              maintext     07FE
__Hosccal                osccal       03FF
__Hpowerup               powerup      0000
__Hram                   ram          07FE
__Hreset_vec             reset_vec    0000
__Hsfr0                  sfr0         07FE
__Hsfr1                  sfr1         07FE
__Hspace_0               (abs)        07FE
__Hspace_1               (abs)        07FE
__Hspace_2               (abs)        07FE
__Hspace_3               (abs)        0000
__Hspace_4               (abs)        400F
__Hstack                 stack        07FE
__Hstrings               strings      07FE
__Htext                  text         07FE
__L__absolute__          __absolute__ 0000
__Labs1                  abs1         07FE
__Lbank0                 bank0        07FE
__Lbank1                 bank1        07FE
__Lcinit                 cinit        03FD
__Lclrtext               clrtext      07FE
__Lcode                  code         07FE
__Lcommon                common       07FE
__Lconfig                config       0000
__LcstackBANK0           cstackBANK0  07FE
__LcstackCOMMON          cstackCOMMON 07FE
__Leeprom_data           eeprom_data  0000
__Lend_init              end_init     0000
__Lfunctab               functab      0000
__Lheap                  heap         07FE
__Linit                  init         0000
__Lintentry              intentry     0000
__Lmaintext              maintext     07FE
__Losccal                osccal       03FF
__Lpowerup               powerup      0000
__Lram                   ram          07FE
__Lreset_vec             reset_vec    0000
__Lsfr0                  sfr0         07FE
__Lsfr1                  sfr1         07FE
__Lspace_0               (abs)        0000
__Lspace_1               (abs)        0000
__Lspace_2               (abs)        0000
__Lspace_3               (abs)        0000
__Lspace_4               (abs)        0000
__Lstack                 stack        07FE
__Lstrings               strings      07FE
__Ltext                  text         07FE
__S0                     (abs)        03FF
__S1                     (abs)        0027
__S3                     (abs)        0000
___heap_hi               (abs)        0000
___heap_lo               (abs)        0000
___int_sp                stack        07FE
___int_stack_hi          stack        07FE
___int_stack_lo          stack        07FE
___latbits               (abs)        0000
___osccal_val            osccal       03FF
___sp                    stack        07FE
___stack_hi              stack        07FE
___stack_lo              stack        07FE
___stackhi               (abs)        0000
___stacklo               (abs)        0000
__end_of__initialization cinit        03FD
__end_of_init_ADC        text2        03C6
__end_of_main            maintext     03FD
__end_of_read_ADC        text1        03D8
__initialization         cinit        03FD
__pcstackBANK0           cstackBANK0  0020
__pcstackCOMMON          cstackCOMMON 0000
__pmaintext              maintext     03D8
__ptext1                 text1        03C6
__ptext2                 text2        03BC
_init_ADC                text2        03BC
_main                    maintext     03D8
_read_ADC                text1        03C6
btemp                    (abs)        005E
end_of_initialization    cinit        03FD
intlevel0                functab      0000
intlevel1                functab      0000
intlevel2                functab      0000
intlevel3                functab      0000
intlevel4                functab      0000
intlevel5                functab      0000
main@sensorValue         cstackBANK0  0025
reset_vec                reset_vec    0000
start                    init         0000
start_initialization     cinit        03FD
wtemp0                   (abs)        005E


MODULE INFORMATION

Module		Function		Class		Link	Load	Size
PIC16F676MOTOROPEN.c
		_main          		CODE           	03D8	0000	37
		_init_ADC      		CODE           	03BC	0000	10
		_read_ADC      		CODE           	03C6	0000	18

PIC16F676MOTOROPEN.c estimated size: 65

shared
		__initialization		CODE           	03FD	0000	1

shared estimated size: 1

